Job Radar run: 2026-10-09 15:04:36
Checking jobs...
Kuntarekry found: 3
Valtiolle found: 8
Could not fetch job description: https://www.turunvesihuolto.fi/tyopaikat/ — 404 Client Error: Not Found for url: https://www.turunvesihuolto.fi/tyopaikat/
Company career pages found: 0
Could not fetch Duunitori search: https://duunitori.fi/tyopaikat?haku=sap — 403 Client Error: Forbidden for url: https://duunitori.fi/tyopaikat?haku=sap
Could not fetch Duunitori search: https://duunitori.fi/tyopaikat?haku=koordinaattori — 403 Client Error: Forbidden for url: https://duunitori.fi/tyopaikat?haku=koordinaattori
Could not fetch Duunitori search: https://duunitori.fi/tyopaikat?haku=taloushallinto — 403 Client Error: Forbidden for url: https://duunitori.fi/tyopaikat?haku=taloushallinto
Could not fetch Duunitori search: https://duunitori.fi/tyopaikat?haku=asiantuntija&alue=Varsinais-Suomi — 403 Client Error: Forbidden for url: https://duunitori.fi/tyopaikat?haku=asiantuntija&alue=Varsinais-Suomi
Duunitori found: 0 (from 0 listed, 0 candidates)
Manpower found: 9 (from 71 listed, 9 candidates)
Barona found: 24 (from 215 listed, 24 candidates)
aTalent found: 10 (from 24 listed, 11 candidates)
ICT DIRECT found: 4 (from 9 listed, 4 candidates)
Adecco found: 5 (from 20 listed, 5 candidates)
StaffPoint found: 3 (from 16 listed, 3 candidates)
Adiente found: 1 (from 4 listed, 1 candidates)
Eezy found: 5 (from 24 listed, 5 candidates)

Source summary:
- Finavia: 4 job(s)
- Kuntarekry: 3 job(s)
- Valtiolle: 8 job(s)
- Company career pages: 0 job(s)
- Duunitori: 0 job(s)
- Manpower: 9 job(s)
- Barona: 24 job(s)
- aTalent: 10 job(s)
- ICT DIRECT: 4 job(s)
- Adecco: 5 job(s)
- StaffPoint: 3 job(s)
- Adiente: 1 job(s)
- Eezy: 5 job(s)
- Duplicates removed: 23
- Total after filters: 53 job(s)


Source health report:
- Finavia: read 4, matched 4 — OK. read OK
- Kuntarekry: read 24, matched 3 — OK. read OK
- Valtiolle: read 24, matched 8 — OK. read OK
- Company career pages: read 3, matched 0 — OK. checked configured generic pages; matched job links only
- Duunitori: read 0, matched 0 — WARNING. 4 request(s) failed; 0 title-prefilter candidate(s)
- Manpower: read 71, matched 9 — OK. read OK; 9 title-prefilter candidate(s)
- Barona: read 215, matched 24 — OK. read OK; 15 listing page(s), 24 title-prefilter candidate(s)
- aTalent: read 24, matched 10 — OK. read OK; 11 title-prefilter candidate(s)
- ICT DIRECT: read 9, matched 4 — OK. read OK; 4 title-prefilter candidate(s)
- Adecco: read 20, matched 5 — OK. read OK; 5 title-prefilter candidate(s)
- StaffPoint: read 16, matched 3 — OK. read OK; 3 title-prefilter candidate(s)
- Adiente: read 4, matched 1 — OK. read OK; 1 title-prefilter candidate(s)
- Eezy: read 24, matched 5 — OK. read OK; 5 title-prefilter candidate(s); listing data retained if TalentAdore detail fails

======================================================================
Kuntarekry — TE-asiantuntija
======================================================================
Location: Raahen kaupunki
Posted: 9.10.2026
Deadline: 28.10.2026
Fit score: 35/100
Recommendation: Skip
Gate limit: 35/100
Gate reasons:
- wrong geography + on-site/location-bound work

Why it may fit:
- process development: koulutus
- coordination / project: asiakaspalvelu
- location: etätyö

Risks:
- payroll / TE domain: lainsäädäntö

Link: https://www.kuntarekry.fi/fi/tyopaikat/te-asiantuntija-741067/

======================================================================
Kuntarekry — Asiantuntija, rekrytoinnin strateginen kehittäminen
======================================================================
Location: Helsingin kaupunki
Posted: 9.10.2026
Deadline: 29.10.2026
Fit score: 64/100
Recommendation: Maybe

Why it may fit:
- operations / coordination / process core: järjestelmä, käyttöönotto
- process development: koulutus
- location: helsinki, hybridi, hybrid

Risks:
- No obvious hard-domain risks found
- Text may contain a hard experience requirement

Link: https://www.kuntarekry.fi/fi/tyopaikat/asiantuntija-rekrytoinnin-strateginen-kehittaminen-kanslia-03-30-26/

Recommendation summary:
- 🟢 APPLY: 7
- 🟡 MAYBE: 3
- 🔵 REVIEW: 5
- Review reservoir candidates: 5
- ⚪ SKIP: 38
Job Radar: found 1 new job(s).
Checked 53 jobs total.
Telegram secrets are missing.
Review reservoir saved: 17 item(s).
Weekly review email sent.
